{"level":"info","time":"2026-08-04T05:44:48Z","message":"Thank you for trying Cloudflare Tunnel. Doing so, without a Cloudflare account, is a quick way to experiment and try it out. However, be aware that these account-less Tunnels have no uptime guarantee, are subject to the Cloudflare Online Services Terms of Use (https://www.cloudflare.com/website-terms/), and Cloudflare reserves the right to investigate your use of Tunnels for violations of such terms. If you intend to use Tunnels in production you should use a pre-created named tunnel by following: https://developers.cloudflare.com/cloudflare-one/connections/connect-apps"}
{"level":"info","time":"2026-08-04T05:44:48Z","message":"Requesting new quick Tunnel on trycloudflare.com..."}
{"level":"info","time":"2026-08-04T05:44:54Z","message":"+--------------------------------------------------------------------------------------------+"}
{"level":"info","time":"2026-08-04T05:44:54Z","message":"|  Your quick Tunnel has been created! Visit it at (it may take some time to be reachable):  |"}
{"level":"info","time":"2026-08-04T05:44:54Z","message":"|  https://hill-wichita-sand-dual.trycloudflare.com                                          |"}
{"level":"info","time":"2026-08-04T05:44:54Z","message":"+--------------------------------------------------------------------------------------------+"}
{"level":"info","time":"2026-08-04T05:44:54Z","message":"Cannot determine default configuration path. No file [config.yml config.yaml] in [~/.cloudflared ~/.cloudflare-warp ~/cloudflare-warp /etc/cloudflared /usr/local/etc/cloudflared]"}
{"level":"info","time":"2026-08-04T05:44:54Z","message":"Version 2026.7.3 (Checksum 9d71c677db00134c1bd4144b7783486b654ad281b1ea62b4972098d19f770f17)"}
{"level":"info","time":"2026-08-04T05:44:54Z","message":"GOOS: linux, GOVersion: go1.26.4, GoArch: amd64"}
{"level":"info","time":"2026-08-04T05:44:54Z","message":"Settings: map[ha-connections:1 logfile:tunnel.log protocol:quic url:http://localhost:3000]"}
{"level":"info","time":"2026-08-04T05:44:54Z","message":"cloudflared will not automatically update if installed by a package manager."}
{"level":"info","time":"2026-08-04T05:44:54Z","message":"Generated Connector ID: 5ca6b7c6-d330-424d-a753-570155eacc09"}
{"level":"info","time":"2026-08-04T05:44:54Z","message":"Initial protocol quic"}
{"level":"info","time":"2026-08-04T05:44:54Z","message":"ICMP proxy will use 10.0.16.74 as source for IPv4"}
{"level":"info","time":"2026-08-04T05:44:54Z","message":"ICMP proxy will use fe80::7eed:8dff:feb4:91a2 in zone eth0 as source for IPv6"}
{"level":"info","time":"2026-08-04T05:44:54Z","message":"ICMP proxy will use 10.0.16.74 as source for IPv4"}
{"level":"info","time":"2026-08-04T05:44:54Z","message":"ICMP proxy will use fe80::7eed:8dff:feb4:91a2 in zone eth0 as source for IPv6"}
{"level":"info","time":"2026-08-04T05:44:54Z","message":"Starting metrics server on 127.0.0.1:20241/metrics"}
{"level":"info","event":0,"ip":"198.41.200.33","connIndex":0,"time":"2026-08-04T05:44:54Z","message":"Tunnel connection curve preferences: [X25519MLKEM768 CurveID(65074) CurveP256]"}
{"level":"info","event":0,"connection":"af10431e-1dfa-48fd-a64b-6a2fb30ea54f","connIndex":0,"location":"sin22","ip":"198.41.200.33","protocol":"quic","time":"2026-08-04T05:44:54Z","message":"Registered tunnel connection"}
{"level":"info","time":"2026-08-04T05:45:00Z","message":"+-------------------------------------------------------------------------------------+"}
{"level":"info","time":"2026-08-04T05:45:00Z","message":"|                               CONNECTIVITY PRE-CHECKS                               |"}
{"level":"info","time":"2026-08-04T05:45:00Z","message":"+-------------------------------------------------------------------------------------+"}
{"level":"info","time":"2026-08-04T05:45:00Z","message":"|  COMPONENT         TARGET                     STATUS  DETAILS                       |"}
{"level":"info","time":"2026-08-04T05:45:00Z","message":"|  DNS Resolution    region1.v2.argotunnel.com  PASS    DNS Resolved successfully     |"}
{"level":"info","time":"2026-08-04T05:45:00Z","message":"|  DNS Resolution    region2.v2.argotunnel.com  PASS    DNS Resolved successfully     |"}
{"level":"info","time":"2026-08-04T05:45:00Z","message":"|  UDP Connectivity  region1.v2.argotunnel.com  PASS    QUIC connection successful    |"}
{"level":"info","time":"2026-08-04T05:45:00Z","message":"|  UDP Connectivity  region2.v2.argotunnel.com  PASS    QUIC connection successful    |"}
{"level":"info","time":"2026-08-04T05:45:00Z","message":"|  TCP Connectivity  region1.v2.argotunnel.com  PASS    HTTP/2 connection successful  |"}
{"level":"info","time":"2026-08-04T05:45:00Z","message":"|  TCP Connectivity  region2.v2.argotunnel.com  PASS    HTTP/2 connection successful  |"}
{"level":"info","time":"2026-08-04T05:45:00Z","message":"|  Cloudflare API    api.cloudflare.com:443     PASS    API is reachable              |"}
{"level":"info","time":"2026-08-04T05:45:00Z","message":"|                                                                                     |"}
{"level":"info","time":"2026-08-04T05:45:00Z","message":"|  SUMMARY: Environment is healthy. cloudflared will use 'quic' as primary protocol.  |"}
{"level":"info","time":"2026-08-04T05:45:00Z","message":"+-------------------------------------------------------------------------------------+"}
{"level":"info","run_id":"70448cad-5c9b-488b-9bcb-13cc0a2b26c2","component":"DNS Resolution","target":"region1.v2.argotunnel.com","status":"pass","details":"DNS Resolved successfully","time":"2026-08-04T05:45:00Z","message":"precheck"}
{"level":"info","run_id":"70448cad-5c9b-488b-9bcb-13cc0a2b26c2","component":"DNS Resolution","target":"region2.v2.argotunnel.com","status":"pass","details":"DNS Resolved successfully","time":"2026-08-04T05:45:00Z","message":"precheck"}
{"level":"info","run_id":"70448cad-5c9b-488b-9bcb-13cc0a2b26c2","component":"UDP Connectivity","target":"region1.v2.argotunnel.com","status":"pass","details":"QUIC connection successful","time":"2026-08-04T05:45:00Z","message":"precheck"}
{"level":"info","run_id":"70448cad-5c9b-488b-9bcb-13cc0a2b26c2","component":"UDP Connectivity","target":"region2.v2.argotunnel.com","status":"pass","details":"QUIC connection successful","time":"2026-08-04T05:45:00Z","message":"precheck"}
{"level":"info","run_id":"70448cad-5c9b-488b-9bcb-13cc0a2b26c2","component":"TCP Connectivity","target":"region1.v2.argotunnel.com","status":"pass","details":"HTTP/2 connection successful","time":"2026-08-04T05:45:00Z","message":"precheck"}
{"level":"info","run_id":"70448cad-5c9b-488b-9bcb-13cc0a2b26c2","component":"TCP Connectivity","target":"region2.v2.argotunnel.com","status":"pass","details":"HTTP/2 connection successful","time":"2026-08-04T05:45:00Z","message":"precheck"}
{"level":"info","run_id":"70448cad-5c9b-488b-9bcb-13cc0a2b26c2","component":"Cloudflare API","target":"api.cloudflare.com:443","status":"pass","details":"API is reachable","time":"2026-08-04T05:45:00Z","message":"precheck"}
{"level":"info","run_id":"70448cad-5c9b-488b-9bcb-13cc0a2b26c2","hard_fail":false,"suggested_protocol":"quic","time":"2026-08-04T05:45:00Z","message":"precheck complete"}
{"level":"error","event":1,"connIndex":0,"originService":"http://localhost:3000","ingressRule":0,"error":"stream 401 canceled by remote with error code 0","time":"2026-08-04T05:56:16Z"}
{"level":"error","event":0,"ip":"198.41.200.33","connIndex":0,"error":"stream 401 canceled by remote with error code 0","type":"http","dest":"https://hill-wichita-sand-dual.trycloudflare.com/app/customers/due?_rsc=bYWcsm_RXB7nPNyZ","time":"2026-08-04T05:56:16Z","message":"Request failed"}
